.next/dev/types/validator.ts(153,31): error TS2344: Type 'typeof import("C:/Users/l03573076/Documents/Proyectos/mamadas/flutter-web/app_web/src/app/(payload)/api/[...payload]/route")' does not satisfy the constraint 'RouteHandlerConfig<"/api/[...payload]">'.
  Types of property 'GET' are incompatible.
    Type '(request: Request, args: { params: Promise<{ slug?: string[] | undefined; }>; }) => Promise<Response>' is not assignable to type '(request: NextRequest, context: { params: Promise<{ payload: string[]; }>; }) => void | Response | Promise<void | Response>'.
      Types of parameters 'args' and 'context' are incompatible.
        Type '{ params: Promise<{ payload: string[]; }>; }' is not assignable to type '{ params: Promise<{ slug?: string[] | undefined; }>; }'.
          Types of property 'params' are incompatible.
            Type 'Promise<{ payload: string[]; }>' is not assignable to type 'Promise<{ slug?: string[] | undefined; }>'.
              Type '{ payload: string[]; }' has no properties in common with type '{ slug?: string[] | undefined; }'.
.next/types/validator.ts(42,39): error TS2307: Cannot find module '../../src/app/page.js' or its corresponding type declarations.
src/app/api/reviews/route.ts(53,52): error TS2769: No overload matches this call.
  Overload 1 of 2, '(value: { id: string | SQL<unknown> | Placeholder<string, any>; shopId: string | SQL<unknown> | Placeholder<string, any>; userId: string | SQL<unknown> | Placeholder<string, any>; ... 6 more ...; comment?: string | ... 3 more ... | undefined; }): PgInsertBase<...>', gave the following error.
    Argument of type '{ userId: string; shopId: any; rating: any; comment: any; }' is not assignable to parameter of type '{ id: string | SQL<unknown> | Placeholder<string, any>; shopId: string | SQL<unknown> | Placeholder<string, any>; userId: string | SQL<unknown> | Placeholder<string, any>; ... 6 more ...; comment?: string | ... 3 more ... | undefined; }'.
      Property 'id' is missing in type '{ userId: string; shopId: any; rating: any; comment: any; }' but required in type '{ id: string | SQL<unknown> | Placeholder<string, any>; shopId: string | SQL<unknown> | Placeholder<string, any>; userId: string | SQL<unknown> | Placeholder<string, any>; ... 6 more ...; comment?: string | ... 3 more ... | undefined; }'.
  Overload 2 of 2, '(values: { id: string | SQL<unknown> | Placeholder<string, any>; shopId: string | SQL<unknown> | Placeholder<string, any>; userId: string | SQL<unknown> | Placeholder<string, any>; ... 6 more ...; comment?: string | ... 3 more ... | undefined; }[]): PgInsertBase<...>', gave the following error.
    Object literal may only specify known properties, and 'userId' does not exist in type '{ id: string | SQL<unknown> | Placeholder<string, any>; shopId: string | SQL<unknown> | Placeholder<string, any>; userId: string | SQL<unknown> | Placeholder<string, any>; ... 6 more ...; comment?: string | ... 3 more ... | undefined; }[]'.
src/migrations/20260130_172834.ts(4,20): error TS2345: Argument of type 'SQL<unknown>' is not assignable to parameter of type 'string | SQLWrapper'.
  Type 'SQL<unknown>' is not assignable to type 'SQLWrapper'.
    The types returned by 'getSQL()' are incompatible between these types.
      Type 'import("C:/Users/l03573076/Documents/Proyectos/mamadas/flutter-web/app_web/node_modules/@payloadcms/db-postgres/node_modules/drizzle-orm/sql/sql").SQL<unknown>' is not assignable to type 'import("C:/Users/l03573076/Documents/Proyectos/mamadas/flutter-web/app_web/node_modules/@payloadcms/drizzle/node_modules/drizzle-orm/sql/sql").SQL<unknown>'.
        Types have separate declarations of a private property 'shouldInlineParams'.
src/migrations/20260130_172834.ts(195,20): error TS2345: Argument of type 'SQL<unknown>' is not assignable to parameter of type 'string | SQLWrapper'.
  Type 'SQL<unknown>' is not assignable to type 'SQLWrapper'.
    The types returned by 'getSQL()' are incompatible between these types.
      Type 'import("C:/Users/l03573076/Documents/Proyectos/mamadas/flutter-web/app_web/node_modules/@payloadcms/db-postgres/node_modules/drizzle-orm/sql/sql").SQL<unknown>' is not assignable to type 'import("C:/Users/l03573076/Documents/Proyectos/mamadas/flutter-web/app_web/node_modules/@payloadcms/drizzle/node_modules/drizzle-orm/sql/sql").SQL<unknown>'.
        Types have separate declarations of a private property 'shouldInlineParams'.
