node.exe : npm warn Unknown project config 
"enable-pre-post-scripts". This will stop 
working in the next major version of npm.
En línea: 1 Carácter: 1
+ & "C:\nvm4w\nodejs/node.exe" 
"C:\nvm4w\nodejs/node_modules/npm/bin/np ...
+ ~~~~~~~~~~~~~~~~~~~~~~~~~~~~~~~~~~~~~~~~~~~~~~
~~~~~~~~~~~~~~~~~~~~~~~
    + CategoryInfo          : NotSpecified: (np 
   m warn Unknow...version of npm.:String) [],  
   RemoteException
    + FullyQualifiedErrorId : NativeCommandErro 
   r
 
src/app/(frontend)/(main)/passport/page.tsx(10,13): error TS2339: Property 'data' does not exist on type '{ data: { avgRating: number; reviewCount: number; isVisited: boolean; image: any; gallery: any; features: any; followerCount: number; id: string; createdAt: string; updatedAt: string; name: string; ... 10 more ...; _rels: { ...; }[]; }[]; hasMore: boolean; success: boolean; error?: undefined; } | { ...; }'.
src/components/passport-list.tsx(71,42): error TS2339: Property 'data' does not exist on type '{ data: { avgRating: number; reviewCount: number; isVisited: boolean; image: any; gallery: any; features: any; followerCount: number; id: string; createdAt: string; updatedAt: string; name: string; ... 10 more ...; _rels: { ...; }[]; }[]; hasMore: boolean; success: boolean; error?: undefined; } | { ...; }'.
  Property 'data' does not exist on type '{ success: boolean; error: string; }'.
src/components/passport-list.tsx(74,35): error TS2339: Property 'hasMore' does not exist on type '{ data: { avgRating: number; reviewCount: number; isVisited: boolean; image: any; gallery: any; features: any; followerCount: number; id: string; createdAt: string; updatedAt: string; name: string; ... 10 more ...; _rels: { ...; }[]; }[]; hasMore: boolean; success: boolean; error?: undefined; } | { ...; }'.
  Property 'hasMore' does not exist on type '{ success: boolean; error: string; }'.
